vite v3.2.11 building for production...
transforming...
Module level directives cause errors when bundled, 'use client' was ignored.
[BABEL] Note: The code generator has deoptimised the styling of /Users/desarrollo1/Documents/Taylor/frontend/prueba-plugin/node_modules/react-moveable/dist/moveable.esm.js as it exceeds the max of 500KB.
Module level directives cause errors when bundled, 'use client' was ignored.
Module level directives cause errors when bundled, 'use client' was ignored.
Module level directives cause errors when bundled, 'use client' was ignored.
Module level directives cause errors when bundled, 'use client' was ignored.
Module level directives cause errors when bundled, 'use client' was ignored.
Module level directives cause errors when bundled, 'use client' was ignored.
Module level directives cause errors when bundled, 'use client' was ignored.
Module level directives cause errors when bundled, 'use client' was ignored.
Module level directives cause errors when bundled, 'use client' was ignored.
Module level directives cause errors when bundled, 'use client' was ignored.
Module level directives cause errors when bundled, 'use client' was ignored.
Module level directives cause errors when bundled, 'use client' was ignored.
Module level directives cause errors when bundled, 'use client' was ignored.
Module level directives cause errors when bundled, 'use client' was ignored.
Module level directives cause errors when bundled, 'use client' was ignored.
Module level directives cause errors when bundled, 'use client' was ignored.
Module level directives cause errors when bundled, 'use client' was ignored.
Module level directives cause errors when bundled, 'use client' was ignored.
Module level directives cause errors when bundled, 'use client' was ignored.
Module level directives cause errors when bundled, 'use client' was ignored.
Module level directives cause errors when bundled, 'use client' was ignored.
Module level directives cause errors when bundled, 'use client' was ignored.
Module level directives cause errors when bundled, 'use client' was ignored.
Module level directives cause errors when bundled, 'use client' was ignored.
Module level directives cause errors when bundled, 'use client' was ignored.
Module level directives cause errors when bundled, 'use client' was ignored.
Module level directives cause errors when bundled, 'use client' was ignored.
Module level directives cause errors when bundled, 'use client' was ignored.
Module level directives cause errors when bundled, 'use client' was ignored.
Module level directives cause errors when bundled, 'use client' was ignored.
Module level directives cause errors when bundled, 'use client' was ignored.
Module level directives cause errors when bundled, 'use client' was ignored.
Module level directives cause errors when bundled, 'use client' was ignored.
Module level directives cause errors when bundled, 'use client' was ignored.
Module level directives cause errors when bundled, 'use client' was ignored.
Module level directives cause errors when bundled, 'use client' was ignored.
Module level directives cause errors when bundled, 'use client' was ignored.
Module level directives cause errors when bundled, 'use client' was ignored.
Module level directives cause errors when bundled, 'use client' was ignored.
Module level directives cause errors when bundled, 'use client' was ignored.
Module level directives cause errors when bundled, 'use client' was ignored.
Module level directives cause errors when bundled, 'use client' was ignored.
Module level directives cause errors when bundled, 'use client' was ignored.
Module level directives cause errors when bundled, 'use client' was ignored.
Module level directives cause errors when bundled, 'use client' was ignored.
Module level directives cause errors when bundled, 'use client' was ignored.
Module level directives cause errors when bundled, 'use client' was ignored.
Module level directives cause errors when bundled, 'use client' was ignored.
Module level directives cause errors when bundled, 'use client' was ignored.
Module level directives cause errors when bundled, 'use client' was ignored.
Module level directives cause errors when bundled, 'use client' was ignored.
Module level directives cause errors when bundled, 'use client' was ignored.
Module level directives cause errors when bundled, 'use client' was ignored.
Module level directives cause errors when bundled, 'use client' was ignored.
Module level directives cause errors when bundled, 'use client' was ignored.
Module level directives cause errors when bundled, 'use client' was ignored.
Module level directives cause errors when bundled, 'use client' was ignored.
Module level directives cause errors when bundled, 'use client' was ignored.
Module level directives cause errors when bundled, 'use client' was ignored.
Module level directives cause errors when bundled, 'use client' was ignored.
Module level directives cause errors when bundled, 'use client' was ignored.
Module level directives cause errors when bundled, 'use client' was ignored.
Module level directives cause errors when bundled, 'use client' was ignored.
Module level directives cause errors when bundled, 'use client' was ignored.
Module level directives cause errors when bundled, 'use client' was ignored.
Module level directives cause errors when bundled, 'use client' was ignored.
Module level directives cause errors when bundled, 'use client' was ignored.
Module level directives cause errors when bundled, 'use client' was ignored.
Module level directives cause errors when bundled, 'use client' was ignored.
Module level directives cause errors when bundled, 'use client' was ignored.
Module level directives cause errors when bundled, 'use client' was ignored.
Module level directives cause errors when bundled, 'use client' was ignored.
Module level directives cause errors when bundled, 'use client' was ignored.
Module level directives cause errors when bundled, 'use client' was ignored.
Module level directives cause errors when bundled, 'use client' was ignored.
Module level directives cause errors when bundled, 'use client' was ignored.
Module level directives cause errors when bundled, 'use client' was ignored.
Module level directives cause errors when bundled, 'use client' was ignored.
Module level directives cause errors when bundled, 'use client' was ignored.
Module level directives cause errors when bundled, 'use client' was ignored.
Module level directives cause errors when bundled, 'use client' was ignored.
Module level directives cause errors when bundled, 'use client' was ignored.
Module level directives cause errors when bundled, 'use client' was ignored.
Module level directives cause errors when bundled, 'use client' was ignored.
Module level directives cause errors when bundled, 'use client' was ignored.
Module level directives cause errors when bundled, 'use client' was ignored.
Module level directives cause errors when bundled, 'use client' was ignored.
Module level directives cause errors when bundled, 'use client' was ignored.
Module level directives cause errors when bundled, 'use client' was ignored.
Module level directives cause errors when bundled, 'use client' was ignored.
Module level directives cause errors when bundled, 'use client' was ignored.
Module level directives cause errors when bundled, 'use client' was ignored.
Module level directives cause errors when bundled, 'use client' was ignored.
Module level directives cause errors when bundled, 'use client' was ignored.
Module level directives cause errors when bundled, 'use client' was ignored.
Module level directives cause errors when bundled, 'use client' was ignored.
Module level directives cause errors when bundled, 'use client' was ignored.
Module level directives cause errors when bundled, 'use client' was ignored.
Module level directives cause errors when bundled, 'use client' was ignored.
Module level directives cause errors when bundled, 'use client' was ignored.
Module level directives cause errors when bundled, 'use client' was ignored.
Module level directives cause errors when bundled, 'use client' was ignored.
Module level directives cause errors when bundled, 'use client' was ignored.
Module level directives cause errors when bundled, 'use client' was ignored.
Module level directives cause errors when bundled, 'use client' was ignored.
Module level directives cause errors when bundled, 'use client' was ignored.
Module level directives cause errors when bundled, 'use client' was ignored.
Module level directives cause errors when bundled, 'use client' was ignored.
Module level directives cause errors when bundled, 'use client' was ignored.
Module level directives cause errors when bundled, 'use client' was ignored.
Module level directives cause errors when bundled, 'use client' was ignored.
Module level directives cause errors when bundled, 'use client' was ignored.
Module level directives cause errors when bundled, 'use client' was ignored.
Module level directives cause errors when bundled, 'use client' was ignored.
Module level directives cause errors when bundled, 'use client' was ignored.
Module level directives cause errors when bundled, 'use client' was ignored.
Module level directives cause errors when bundled, 'use client' was ignored.
Module level directives cause errors when bundled, 'use client' was ignored.
Module level directives cause errors when bundled, 'use client' was ignored.
Module level directives cause errors when bundled, 'use client' was ignored.
Module level directives cause errors when bundled, 'use client' was ignored.
Module level directives cause errors when bundled, 'use client' was ignored.
Module level directives cause errors when bundled, 'use client' was ignored.
Module level directives cause errors when bundled, 'use client' was ignored.
Module level directives cause errors when bundled, 'use client' was ignored.
Module level directives cause errors when bundled, 'use client' was ignored.
Module level directives cause errors when bundled, 'use client' was ignored.
Module level directives cause errors when bundled, 'use client' was ignored.
Module level directives cause errors when bundled, 'use client' was ignored.
Module level directives cause errors when bundled, 'use client' was ignored.
Module level directives cause errors when bundled, 'use client' was ignored.
Module level directives cause errors when bundled, 'use client' was ignored.
Module level directives cause errors when bundled, 'use client' was ignored.
Module level directives cause errors when bundled, 'use client' was ignored.
Module level directives cause errors when bundled, 'use client' was ignored.
Module level directives cause errors when bundled, 'use client' was ignored.
Module level directives cause errors when bundled, 'use client' was ignored.
Module level directives cause errors when bundled, 'use client' was ignored.
Module level directives cause errors when bundled, 'use client' was ignored.
Module level directives cause errors when bundled, 'use client' was ignored.
Module level directives cause errors when bundled, 'use client' was ignored.
Module level directives cause errors when bundled, 'use client' was ignored.
Module level directives cause errors when bundled, 'use client' was ignored.
Module level directives cause errors when bundled, 'use client' was ignored.
Module level directives cause errors when bundled, 'use client' was ignored.
Module level directives cause errors when bundled, 'use client' was ignored.
Module level directives cause errors when bundled, 'use client' was ignored.
Module level directives cause errors when bundled, 'use client' was ignored.
Module level directives cause errors when bundled, 'use client' was ignored.
Module level directives cause errors when bundled, 'use client' was ignored.
Module level directives cause errors when bundled, 'use client' was ignored.
Module level directives cause errors when bundled, 'use client' was ignored.
Module level directives cause errors when bundled, 'use client' was ignored.
Module level directives cause errors when bundled, 'use client' was ignored.
Module level directives cause errors when bundled, 'use client' was ignored.
Module level directives cause errors when bundled, 'use client' was ignored.
Module level directives cause errors when bundled, 'use client' was ignored.
Module level directives cause errors when bundled, 'use client' was ignored.
Module level directives cause errors when bundled, 'use client' was ignored.
Module level directives cause errors when bundled, 'use client' was ignored.
Module level directives cause errors when bundled, 'use client' was ignored.
Module level directives cause errors when bundled, 'use client' was ignored.
Module level directives cause errors when bundled, 'use client' was ignored.
Module level directives cause errors when bundled, 'use client' was ignored.
Module level directives cause errors when bundled, 'use client' was ignored.
Module level directives cause errors when bundled, 'use client' was ignored.
Module level directives cause errors when bundled, 'use client' was ignored.
Module level directives cause errors when bundled, 'use client' was ignored.
Module level directives cause errors when bundled, 'use client' was ignored.
Module level directives cause errors when bundled, 'use client' was ignored.
Module level directives cause errors when bundled, 'use client' was ignored.
Module level directives cause errors when bundled, 'use client' was ignored.
Module level directives cause errors when bundled, 'use client' was ignored.
Module level directives cause errors when bundled, 'use client' was ignored.
Module level directives cause errors when bundled, 'use client' was ignored.
Module level directives cause errors when bundled, 'use client' was ignored.
Module level directives cause errors when bundled, 'use client' was ignored.
Module level directives cause errors when bundled, 'use client' was ignored.
Module level directives cause errors when bundled, 'use client' was ignored.
Module level directives cause errors when bundled, 'use client' was ignored.
Module level directives cause errors when bundled, 'use client' was ignored.
Module level directives cause errors when bundled, 'use client' was ignored.
Module level directives cause errors when bundled, 'use client' was ignored.
Module level directives cause errors when bundled, 'use client' was ignored.
Module level directives cause errors when bundled, 'use client' was ignored.
Module level directives cause errors when bundled, 'use client' was ignored.
Module level directives cause errors when bundled, 'use client' was ignored.
Module level directives cause errors when bundled, 'use client' was ignored.
Module level directives cause errors when bundled, 'use client' was ignored.
Module level directives cause errors when bundled, 'use client' was ignored.
Module level directives cause errors when bundled, 'use client' was ignored.
Module level directives cause errors when bundled, 'use client' was ignored.
Module level directives cause errors when bundled, 'use client' was ignored.
Module level directives cause errors when bundled, 'use client' was ignored.
Module level directives cause errors when bundled, 'use client' was ignored.
Module level directives cause errors when bundled, 'use client' was ignored.
Module level directives cause errors when bundled, 'use client' was ignored.
Module level directives cause errors when bundled, 'use client' was ignored.
Module level directives cause errors when bundled, 'use client' was ignored.
Module level directives cause errors when bundled, 'use client' was ignored.
Module level directives cause errors when bundled, 'use client' was ignored.
Module level directives cause errors when bundled, 'use client' was ignored.
Module level directives cause errors when bundled, 'use client' was ignored.
Module level directives cause errors when bundled, 'use client' was ignored.
Module level directives cause errors when bundled, 'use client' was ignored.
Module level directives cause errors when bundled, 'use client' was ignored.
Module level directives cause errors when bundled, 'use client' was ignored.
Module level directives cause errors when bundled, 'use client' was ignored.
Module level directives cause errors when bundled, 'use client' was ignored.
Module level directives cause errors when bundled, 'use client' was ignored.
Module level directives cause errors when bundled, 'use client' was ignored.
Module level directives cause errors when bundled, 'use client' was ignored.
Module level directives cause errors when bundled, 'use client' was ignored.
Module level directives cause errors when bundled, 'use client' was ignored.
Module level directives cause errors when bundled, 'use client' was ignored.
Module level directives cause errors when bundled, 'use client' was ignored.
Module level directives cause errors when bundled, 'use client' was ignored.
Module level directives cause errors when bundled, 'use client' was ignored.
Module level directives cause errors when bundled, 'use client' was ignored.
Module level directives cause errors when bundled, 'use client' was ignored.
Module level directives cause errors when bundled, 'use client' was ignored.
Module level directives cause errors when bundled, 'use client' was ignored.
Module level directives cause errors when bundled, 'use client' was ignored.
Module level directives cause errors when bundled, 'use client' was ignored.
Module level directives cause errors when bundled, 'use client' was ignored.
Module level directives cause errors when bundled, 'use client' was ignored.
Module level directives cause errors when bundled, 'use client' was ignored.
Module level directives cause errors when bundled, 'use client' was ignored.
Module level directives cause errors when bundled, 'use client' was ignored.
Module level directives cause errors when bundled, 'use client' was ignored.
Module level directives cause errors when bundled, 'use client' was ignored.
Module level directives cause errors when bundled, 'use client' was ignored.
Module level directives cause errors when bundled, 'use client' was ignored.
Module level directives cause errors when bundled, 'use client' was ignored.
Module level directives cause errors when bundled, 'use client' was ignored.
Module level directives cause errors when bundled, 'use client' was ignored.
Module level directives cause errors when bundled, 'use client' was ignored.
Module level directives cause errors when bundled, 'use client' was ignored.
Module level directives cause errors when bundled, 'use client' was ignored.
Module level directives cause errors when bundled, 'use client' was ignored.
Module level directives cause errors when bundled, 'use client' was ignored.
Module level directives cause errors when bundled, 'use client' was ignored.
Module level directives cause errors when bundled, 'use client' was ignored.
Module level directives cause errors when bundled, 'use client' was ignored.
Module level directives cause errors when bundled, 'use client' was ignored.
Module level directives cause errors when bundled, 'use client' was ignored.
Module level directives cause errors when bundled, 'use client' was ignored.
Module level directives cause errors when bundled, 'use client' was ignored.
Module level directives cause errors when bundled, 'use client' was ignored.
Module level directives cause errors when bundled, 'use client' was ignored.
Module level directives cause errors when bundled, 'use client' was ignored.
Module level directives cause errors when bundled, 'use client' was ignored.
Module level directives cause errors when bundled, 'use client' was ignored.
Module level directives cause errors when bundled, 'use client' was ignored.
Module level directives cause errors when bundled, 'use client' was ignored.
Module level directives cause errors when bundled, 'use client' was ignored.
Module level directives cause errors when bundled, 'use client' was ignored.
Module level directives cause errors when bundled, 'use client' was ignored.
Module level directives cause errors when bundled, 'use client' was ignored.
Module level directives cause errors when bundled, 'use client' was ignored.
Module level directives cause errors when bundled, 'use client' was ignored.
Module level directives cause errors when bundled, 'use client' was ignored.
Module level directives cause errors when bundled, 'use client' was ignored.
Module level directives cause errors when bundled, 'use client' was ignored.
Module level directives cause errors when bundled, 'use client' was ignored.
Module level directives cause errors when bundled, 'use client' was ignored.
Module level directives cause errors when bundled, 'use client' was ignored.
Module level directives cause errors when bundled, 'use client' was ignored.
Module level directives cause errors when bundled, 'use client' was ignored.
Module level directives cause errors when bundled, 'use client' was ignored.
Module level directives cause errors when bundled, 'use client' was ignored.
Module level directives cause errors when bundled, 'use client' was ignored.
Module level directives cause errors when bundled, 'use client' was ignored.
Module level directives cause errors when bundled, 'use client' was ignored.
Module level directives cause errors when bundled, 'use client' was ignored.
Module level directives cause errors when bundled, 'use client' was ignored.
Module level directives cause errors when bundled, 'use client' was ignored.
Use of eval is strongly discouraged, as it poses security risks and may cause issues with minification
✓ 5988 modules transformed.
rendering chunks...
dist/assets/pdf.worker.min.19bf7ed5.js   1085.53 KiB
dist/index.html                          0.74 KiB
dist/assets/index.d37139fd.css           144.83 KiB / gzip: 21.82 KiB
dist/assets/index.5060bb05.js            6317.17 KiB / gzip: 1865.63 KiB

(!) Some chunks are larger than 500 KiB after minification. Consider:
- Using dynamic import() to code-split the application
- Use build.rollupOptions.output.manualChunks to improve chunking: https://rollupjs.org/guide/en/#outputmanualchunks
- Adjust chunk size limit for this warning via build.chunkSizeWarningLimit.
BUILD_SUCCESSFUL
